// Jest Snapshot v1, https://goo.gl/fbAQLP

exports[`input snapshot 1`] = `
<div
  className="Input"
  data-testid="userInput"
>
  <div
    className="inputHeader sectionHeader"
  >
    <div
      className="row"
    >
      <div
        className="col"
      >
        Inputs
      </div>
    </div>
  </div>
  <div
    className="inputFields"
  >
    <div
      className="row"
    >
      <div
        className="col-1"
      >
        <div
          className="mb-3"
          data-testid="x"
        >
          <label
            className="form-label"
            htmlFor="inputFormX"
          >
            x0
          </label>
          <input
            className="form-control"
            id="inputFormX"
            name="x"
            onChange={[Function]}
            placeholder="Value"
            required={true}
            type="number"
            value=""
          />
        </div>
      </div>
      <div
        className="col-1"
      >
        <div
          className="mb-3"
          data-testid="y"
        >
          <label
            className="form-label"
            htmlFor="inputFormY"
          >
            y0
          </label>
          <input
            className="form-control"
            id="inputFormY"
            name="y"
            onChange={[Function]}
            placeholder="Value"
            required={true}
            type="number"
            value=""
          />
        </div>
      </div>
      <div
        className="col-1"
      >
        <div
          className="mb-3"
          data-testid="z"
        >
          <label
            className="form-label"
            htmlFor="inputFormZ"
          >
            z0
          </label>
          <input
            className="form-control"
            id="inputFormZ"
            name="z"
            onChange={[Function]}
            placeholder="Value"
            required={true}
            type="number"
            value=""
          />
        </div>
      </div>
      <div
        className="col-1"
      >
        <div
          className="mb-3"
          data-testid="sigma"
        >
          <label
            className="form-label"
            htmlFor="inputFormSigma"
          >
            Sigma
          </label>
          <input
            className="form-control"
            id="inputFormSigma"
            name="sigma"
            onChange={[Function]}
            placeholder="Value"
            required={true}
            type="number"
            value=""
          />
        </div>
      </div>
      <div
        className="col-1"
      >
        <div
          className="mb-3"
          data-testid="rho"
        >
          <label
            className="form-label"
            htmlFor="inputFormRho"
          >
            Rho
          </label>
          <input
            className="form-control"
            id="inputFormRho"
            name="rho"
            onChange={[Function]}
            placeholder="Value"
            required={true}
            type="number"
            value=""
          />
        </div>
      </div>
      <div
        className="col-1"
      >
        <div
          className="mb-3"
          data-testid="beta"
        >
          <label
            className="form-label"
            htmlFor="inputFormBeta"
          >
            Beta
          </label>
          <input
            className="form-control"
            id="inputFormBeta"
            name="beta"
            onChange={[Function]}
            placeholder="Value"
            required={true}
            type="number"
            value=""
          />
        </div>
      </div>
      <div
        className="col-1"
      >
        <div
          className="mb-3"
          data-testid="delta"
        >
          <label
            className="form-label"
            htmlFor="inputFormDelta"
          >
            Delta t
          </label>
          <input
            className="form-control"
            id="inputFormDelta"
            name="delta"
            onChange={[Function]}
            placeholder="Value"
            required={true}
            type="number"
            value=""
          />
        </div>
      </div>
    </div>
  </div>
</div>
`;
